// Jest Snapshot v1, https://goo.gl/fbAQLP

exports[`Button renders button unchanged 1`] = `
<button
  className="jsx-836649993"
/>
`;
