// Jest Snapshot v1, https://goo.gl/fbAQLP

exports[`Input renders input unchanged 1`] = `
<input
  className="jsx-353473093 t-gen--cell"
  type="text"
/>
`;
