// Jest Snapshot v1, https://goo.gl/fbAQLP

exports[`Table renders Table unchanged 1`] = `
<div
  className="mt-2"
>
  <div
    className="flex flex-col"
  >
    <div
      className="relative"
    >
      <div
        className="lg:w-full overflow-scroll lg:overflow-auto bg-slate-900 py-4 lg:bg-transparent lg:py-0 lg:after:hidden after:bg-gradient-to-r after:from-slate-900 after:to-transparent after:bg-transparent after:content-[''] after:absolute after:h-full after:w-6 sm:after:w-8 after:top-0 lg:before:hidden before:bg-gradient-to-l before:from-slate-900 before:to-transparent before:bg-transparent before:content-[''] before:absolute before:h-full before:w-6 sm:before:w-8 before:top-0 before:right-0"
      >
        <div
          className="w-[1200px] container max-w-none lg:w-full lg:max-w-screen-lg xl:max-w-screen-xl 2xl:max-w-screen-2xl"
        >
          <div>
            <div />
          </div>
          <div>
            <div
              className="text-sm lg:text-md text-center font-semibold"
            >
              1
            </div>
          </div>
          <div>
            <div />
          </div>
        </div>
      </div>
    </div>
    <div
      className="w-full container flex flex-col"
    >
      <p
        className="font-semibold text-md text-slate-500 mt-6 self-end"
      >
        foobar
         total:
         
        <span
          className="text-green-100 font-bold"
        >
          48
           hours
        </span>
      </p>
    </div>
  </div>
</div>
`;
