// Jest Snapshot v1, https://goo.gl/fbAQLP

exports[`TableCell renders TableCell unchanged 1`] = `
<div
  className="jsx-2108230735 timesheet__table--cell"
/>
`;
