// Jest Snapshot v1, https://goo.gl/fbAQLP

exports[`Cell renders Cell unchanged 1`] = `
<div
  className="jsx-16556622 timesheet__cell"
>
  <p
    className="jsx-16556622"
  >
    Hello
  </p>
</div>
`;
